// Jest Snapshot v1, https://goo.gl/fbAQLP

exports[`ProductSummary matches the snapshot 1`] = `
ShallowWrapper {
  Symbol(enzyme.__root__): [Circular],
  Symbol(enzyme.__unrendered__): <ProductSummary
    product={
      Object {
        "CardShopId": 1,
        "DefaultSizeId": 1,
        "DirectSmile": true,
        "IsCustomisable": 1,
        "IsLandscape": 0,
        "IsMultipack": 0,
        "MoonpigProductNo": "ll037",
        "PhotoUploadCount": 0,
        "Price": Object {
          "Currency": "Â£",
          "Value": 3.29,
        },
        "ProductCategory": Object {
          "Name": "greeting cards",
          "ProductCategoryId": 1,
        },
        "ProductCategoryGroupSeoPath": "personalised-cards/",
        "ProductId": 17715,
        "ProductImage": Object {
          "Link": Object {
            "Href": "https://d1xkhapf8f3lxw.cloudfront.net/api/images/CardShop/1/product/ll037",
            "Method": "GET",
            "Rel": "self",
            "Title": "17715",
          },
          "MimeType": "image/jpeg",
        },
        "ProductLink": Object {
          "Href": "https://api-rest.moonpig.com/v2/products/ll037/1",
          "Method": "GET",
          "Rel": "self",
          "Title": "17715",
        },
        "Reviews": Object {
          "AverageStarReviewRating": 4.7561,
          "MaxReviewData": 0,
          "MinReviewData": 0,
          "ReviewCount": 41,
        },
        "SeoPath": "champagne-bottle-personalised-congratulations-card",
        "ShortDescription": null,
        "SoldOut": 0,
        "Title": "Champagne Bottle Personalised Congratulations Card",
        "TradingFaces": 0,
      }
    }
  />,
  Symbol(enzyme.__renderer__): Object {
    "batchedUpdates": [Function],
    "getNode": [Function],
    "render": [Function],
    "simulateError": [Function],
    "simulateEvent": [Function],
    "unmount": [Function],
  },
  Symbol(enzyme.__node__): Object {
    "instance": null,
    "key": undefined,
    "nodeType": "host",
    "props": Object {
      "children": <img
        alt="Champagne Bottle Personalised Congratulations Card"
        className="product-summary--image"
        src="https://d1xkhapf8f3lxw.cloudfront.net/api/images/CardShop/1/product/ll037"
      />,
      "className": "product-summary--container",
    },
    "ref": null,
    "rendered": Object {
      "instance": null,
      "key": undefined,
      "nodeType": "host",
      "props": Object {
        "alt": "Champagne Bottle Personalised Congratulations Card",
        "className": "product-summary--image",
        "src": "https://d1xkhapf8f3lxw.cloudfront.net/api/images/CardShop/1/product/ll037",
      },
      "ref": null,
      "rendered": null,
      "type": "img",
    },
    "type": "div",
  },
  Symbol(enzyme.__nodes__): Array [
    Object {
      "instance": null,
      "key": undefined,
      "nodeType": "host",
      "props": Object {
        "children": <img
          alt="Champagne Bottle Personalised Congratulations Card"
          className="product-summary--image"
          src="https://d1xkhapf8f3lxw.cloudfront.net/api/images/CardShop/1/product/ll037"
        />,
        "className": "product-summary--container",
      },
      "ref": null,
      "rendered": Object {
        "instance": null,
        "key": undefined,
        "nodeType": "host",
        "props": Object {
          "alt": "Champagne Bottle Personalised Congratulations Card",
          "className": "product-summary--image",
          "src": "https://d1xkhapf8f3lxw.cloudfront.net/api/images/CardShop/1/product/ll037",
        },
        "ref": null,
        "rendered": null,
        "type": "img",
      },
      "type": "div",
    },
  ],
  Symbol(enzyme.__options__): Object {
    "adapter": ReactSixteenAdapter {
      "options": Object {
        "enableComponentDidUpdateOnSetState": true,
        "lifecycles": Object {
          "componentDidUpdate": Object {
            "onSetState": true,
          },
          "getDerivedStateFromProps": true,
          "getSnapshotBeforeUpdate": true,
          "setState": Object {
            "skipsComponentDidUpdateOnNullish": true,
          },
        },
      },
    },
  },
}
`;
